// Jest Snapshot v1, https://goo.gl/fbAQLP

exports[`<LoadingBar /> should match snapshot 1`] = `
.c0 {
  height: 6px;
  width: 20%;
  margin-top: 10px;
  position: relative;
  overflow: hidden;
  background-color: #F3F3F4;
  border-radius: 2px;
}

.c0:before {
  display: block;
  position: absolute;
  content: '';
  left: -200px;
  width: 200px;
  height: 6px;
  background-color: rgb(227,227,231);
  -webkit-animation: dBQFcQ 2s linear infinite;
  animation: dBQFcQ 2s linear infinite;
}

<div
  className="c0"
/>
`;
