// Jest Snapshot v1, https://goo.gl/fbAQLP

exports[`<HeaderTitle /> snapshot 1`] = `
.c0 {
  position: relative;
  padding-top: 0.5rem;
}

.c0 h1 {
  position: relative;
  width: -webkit-fit-content;
  width: -moz-fit-content;
  width: fit-content;
  max-width: 100%;
  margin-bottom: 0;
  font-size: 2.4rem;
  line-height: normal;
  font-weight: 600;
  text-transform: capitalize;
  padding-right: 18px;
  overflow: hidden;
  text-overflow: ellipsis;
  white-space: nowrap;
}

.c0 svg {
  position: absolute;
  right: 0;
  top: 0;
  margin-top: 12px;
  font-size: 12px;
  color: rgba(16,22,34,0.35);
  cursor: pointer;
  outline: 0;
}

<div
  className="c0"
/>
`;
